******************************************************************************
                  TI ARM Linker PC v16.9.6                     
******************************************************************************
>> Linked Thu Mar 15 10:11:50 2018

OUTPUT FILE NAME:   <clock_EK_TM4C123GXL_TI.out>
ENTRY POINT SYMBOL: "_c_int00"  address: 00003041


MEMORY CONFIGURATION

         name            origin    length      used     unused   attr    fill
----------------------  --------  ---------  --------  --------  ----  --------
  FLASH                 00000000   00040000  00006b28  000394d8  R  X
  SRAM                  20000000   00008000  00001a2c  000065d4  RW X


SEGMENT ALLOCATION MAP

run origin  load origin   length   init length attrs members
----------  ----------- ---------- ----------- ----- -------
00000000    00000000    00006b30   00006b30    r-x
  00000000    00000000    0000003c   0000003c    r-- .resetVecs
  00000040    00000040    00004ac2   00004ac2    r-x .text
  00004b04    00004b04    00001e1a   00001e1a    r-- .const
  00006920    00006920    00000210   00000210    r-- .cinit
20000000    20000000    00001a2c   00000000    rw-
  20000000    20000000    00000360   00000000    rw- .vecs
  20000360    20000360    00000f90   00000000    rw- .bss
  200012f0    200012f0    0000043c   00000000    rw- .data
  2000172c    2000172c    00000300   00000000    rw- .stack


SECTION ALLOCATION MAP

 output                                  attributes/
section   page    origin      length       input sections
--------  ----  ----------  ----------   ----------------
.text      0    00000040    00004ac2     
                  00000040    00000430     sysbios.aem4f : BIOS.obj (.text:ti_sysbios_family_arm_m3_Hwi_excDumpRegs__I)
                  00000470    0000034c     ti.targets.arm.rtsarm.aem4f : System.oem4f (.text:xdc_runtime_System_doPrint__I)
                  000007bc    00000004     clock_pem4f.oem4f (.text:ti_sysbios_BIOS_RtsGateProxy_enter__E)
                  000007c0    000001fc     sysbios.aem4f : BIOS.obj (.text:ti_sysbios_family_arm_m3_Hwi_excHandlerMax__I)
                  000009bc    00000004     clock_pem4f.oem4f (.text:ti_sysbios_BIOS_RtsGateProxy_leave__E)
                  000009c0    00000174     sysbios.aem4f : BIOS.obj (.text:ti_sysbios_family_arm_m3_Hwi_excBusFault__I)
                  00000b34    00000004                   : BIOS.obj (.text:ti_sysbios_family_arm_lm4_Timer_masterEnable__I)
                  00000b38    00000164                   : BIOS.obj (.text:ti_sysbios_family_arm_m3_Hwi_excUsageFault__I)
                  00000c9c    00000004     clock_pem4f.oem4f (.text:ti_sysbios_family_arm_m3_TaskSupport_Module__startupDone__S)
                  00000ca0    00000154     sysbios.aem4f : BIOS.obj (.text:ti_sysbios_knl_Semaphore_pend__E)
                  00000df4    00000150     drivers_tivaware.aem4f : GPIOTiva.oem4f (.text:GPIO_setConfig)
                  00000f44    00000004     clock_pem4f.oem4f (.text:ti_sysbios_heaps_HeapMem_Module_GateProxy_enter__E)
                  00000f48    00000148     sysbios.aem4f : BIOS.obj (.text:ti_sysbios_family_arm_m3_Hwi_excMemFault__I)
                  00001090    00000130     driverlib.lib : gpio.obj (.text:GPIOPadConfigSet)
                  000011c0    00000118     ti.targets.arm.rtsarm.aem4f : Error.oem4f (.text:xdc_runtime_Error_policyDefault__E)
                  000012d8    00000114     Enviroment.obj (.text:Enviroment_init)
                  000013ec    00000004     clock_pem4f.oem4f (.text:ti_sysbios_heaps_HeapMem_Module_GateProxy_leave__E)
                  000013f0    00000108     sysbios.aem4f : BIOS.obj (.text:ti_sysbios_family_arm_lm4_Timer_start__E)
                  000014f8    00000100     Boot.aem4f : Boot_sysctl.oem4f (.text:ti_catalog_arm_cortexm4_tiva_ce_Boot_sysCtlClockSetI__I)
                  000015f8    00000100     ti.targets.arm.rtsarm.aem4f : Core-mem.oem4f (.text:xdc_runtime_Core_createObject__I)
                  000016f8    000000f8                                 : Startup.oem4f (.text:xdc_runtime_Startup_startMods__I)
                  000017f0    000000f8     clock_pem4f.oem4f (.text:xdc_runtime_System_printfExtend__I)
                  000018e8    000000f4     sysbios.aem4f : m3_Hwi_asm.obj (.text:ti_sysbios_family_arm_m3_Hwi_dispatch__I)
                  000019dc    00000004     clock_pem4f.oem4f (.text:ti_sysbios_knl_Clock_TimerProxy_getMaxTicks__E)
                  000019e0    000000d4     sysbios.aem4f : BIOS.obj (.text:ti_sysbios_heaps_HeapMem_alloc__E)
                  00001ab4    00000004     clock_pem4f.oem4f (.text:ti_sysbios_knl_Queue_destruct)
                  00001ab8    000000cc     sysbios.aem4f : BIOS.obj (.text:ti_sysbios_knl_Task_Instance_init__E)
                  00001b84    000000cc     ti.targets.arm.rtsarm.aem4f : Core-smem.oem4f (.text:xdc_runtime_Core_constructObject__I)
                  00001c50    000000bc     sysbios.aem4f : BIOS.obj (.text:ti_sysbios_family_arm_m3_Hwi_excDebugMon__I)
                  00001d0c    00000004     clock_pem4f.oem4f (.text:ti_sysbios_knl_Semaphore_destruct)
                  00001d10    000000bc     sysbios.aem4f : BIOS.obj (.text:ti_sysbios_family_arm_m3_Hwi_excHardFault__I)
                  00001dcc    00000004     ti.targets.arm.rtsarm.aem4f : Error.oem4f (.text:xdc_runtime_Error_getSite__E)
                  00001dd0    000000bc     sysbios.aem4f : BIOS.obj (.text:ti_sysbios_knl_Task_Instance_finalize__E)
                  00001e8c    00000004     clock_pem4f.oem4f (.text:xdc_runtime_System_Module_GateProxy_enter__E)
                  00001e90    000000b4     sysbios.aem4f : BIOS.obj (.text:ti_sysbios_knl_Task_checkStacks__E)
                  00001f44    00000004     clock_pem4f.oem4f (.text:xdc_runtime_System_Module_GateProxy_leave__E)
                  00001f48    000000ac     sysbios.aem4f : BIOS.obj (.text:ti_sysbios_family_arm_lm4_Timer_enableTiva__I)
                  00001ff4    000000a0     auto_init.aem4f : auto_init.oem4f (.text)
                  00002094    000000a0     ti.targets.arm.rtsarm.aem4f : Text.oem4f (.text:xdc_runtime_Text_putMod__E)
                  00002134    0000009c     rtsv7M4_T_le_v4SPD16_eabi.lib : memcpy_t2.obj (.text)
                  000021d0    0000009a     ti.targets.arm.rtsarm.aem4f : Text.oem4f (.text:xdc_runtime_Text_putSite__E)
                  0000226a    00000002     rtsv7M4_T_le_v4SPD16_eabi.lib : i_div0.obj (.text)
                  0000226c    00000098     Boot.aem4f : Boot.oem4f (.text:ti_catalog_arm_cortexm4_tiva_ce_Boot_sysCtlClockSet__E)
                  00002304    00000004     ti.targets.arm.rtsarm.aem4f : System.oem4f (.text:xdc_runtime_System_aprintf_va__F)
                  00002308    00000094     sysbios.aem4f : BIOS.obj (.text:ti_sysbios_family_arm_m3_Hwi_Instance_init__E)
                  0000239c    00000004     ti.targets.arm.rtsarm.aem4f : System.oem4f (.text:xdc_runtime_System_printf_va__F)
                  000023a0    00000094     sysbios.aem4f : BIOS.obj (.text:ti_sysbios_family_arm_m3_Hwi_initNVIC__E)
                  00002434    00000002     clock_pem4f.oem4f (.text:ti_sysbios_BIOS_nullFunc__I)
                  00002436    00000002     clock_pem4f.oem4f (.text:xdc_runtime_Startup_reset__I)
                  00002438    00000094     sysbios.aem4f : BIOS.obj (.text:ti_sysbios_knl_Task_postInit__I)
                  000024cc    0000008c     drivers_tivaware.aem4f : GPIOTiva.oem4f (.text:GPIO_init)
                  00002558    0000008c     sysbios.aem4f : m3_TaskSupport_asm.obj (.text:ti_sysbios_family_arm_m3_TaskSupport_buildTaskStack)
                  000025e4    00000004     --HOLE-- [fill = 0]
                  000025e8    00000084                   : BIOS.obj (.text:ti_sysbios_family_arm_m3_Hwi_postInit__I)
                  0000266c    00000004     --HOLE-- [fill = 0]
                  00002670    0000007c                   : BIOS.obj (.text:ti_sysbios_heaps_HeapMem_free__E)
                  000026ec    0000007a     rtsv7M4_T_le_v4SPD16_eabi.lib : memset_t2.obj (.text)
                  00002766    00000002     --HOLE-- [fill = 0]
                  00002768    00000070     sysbios.aem4f : BIOS.obj (.text:ti_sysbios_knl_Clock_workFunc__E)
                  000027d8    00000070                   : BIOS.obj (.text:ti_sysbios_knl_Task_exit__E)
                  00002848    0000006d     ti.targets.arm.rtsarm.aem4f : System.oem4f (.text:xdc_runtime_System_formatNum__I)
                  000028b5    00000003     --HOLE-- [fill = 0]
                  000028b8    0000006c     Enviroment.obj (.text:EnviromentIntB)
                  00002924    0000006c     Enviroment.obj (.text:EnviromentIntC)
                  00002990    0000006c     sysbios.aem4f : BIOS.obj (.text:ti_sysbios_knl_Swi_restoreHwi__E)
                  000029fc    0000006c     ti.targets.arm.rtsarm.aem4f : Error.oem4f (.text:xdc_runtime_Error_print__E)
                  00002a68    0000006c                                 : Memory.oem4f (.text:xdc_runtime_Memory_alloc__E)
                  00002ad4    00000068     rtsv7M4_T_le_v4SPD16_eabi.lib : copy_decompress_lzss.obj (.text:decompress:lzss)
                  00002b3c    00000068                                   : trgmsg.obj (.text)
                  00002ba4    00000066     ti.targets.arm.rtsarm.aem4f : Core-mem.oem4f (.text:xdc_runtime_Core_deleteObject__I)
                  00002c0a    00000002     --HOLE-- [fill = 0]
                  00002c0c    00000064     drivers_tivaware.aem4f : GPIOTiva.oem4f (.text:GPIO_hwiIntFxn)
                  00002c70    00000064     sysbios.aem4f : BIOS.obj (.text:ti_sysbios_family_arm_lm4_Timer_Module_startup__E)
                  00002cd4    00000064     clock_pem4f.oem4f (.text:ti_sysbios_family_arm_m3_Hwi_create)
                  00002d38    00000064     sysbios.aem4f : BIOS.obj (.text:ti_sysbios_family_arm_m3_Hwi_dispatchC__I)
                  00002d9c    00000004     --HOLE-- [fill = 0]
                  00002da0    00000064                   : BIOS.obj (.text:ti_sysbios_knl_Semaphore_post__E)
                  00002e04    00000004     --HOLE-- [fill = 0]
                  00002e08    00000060                   : BIOS.obj (.text:ti_sysbios_knl_Task_schedule__I)
                  00002e68    0000005c                   : BIOS.obj (.text:ti_sysbios_knl_Swi_run__I)
                  00002ec4    00000004     --HOLE-- [fill = 0]
                  00002ec8    0000005c                   : BIOS.obj (.text:ti_sysbios_knl_Swi_schedule__I)
                  00002f24    00000004     --HOLE-- [fill = 0]
                  00002f28    0000005c                   : BIOS.obj (.text:ti_sysbios_knl_Task_Module_startup__E)
                  00002f84    00000004     --HOLE-- [fill = 0]
                  00002f88    0000005c                   : BIOS.obj (.text:ti_sysbios_knl_Task_startCore__E)
                  00002fe4    0000005b     ti.targets.arm.rtsarm.aem4f : Text.oem4f (.text:xdc_runtime_Text_putLab__E)
                  0000303f    00000001     --HOLE-- [fill = 0]
                  00003040    00000058     boot.aem4f : boot.oem4f (.text)
                  00003098    00000058     rtsv7M4_T_le_v4SPD16_eabi.lib : hostwrite.obj (.text)
                  000030f0    00000058     sysbios.aem4f : m3_Hwi_asm_switch.obj (.text:ti_sysbios_family_arm_m3_Hwi_initStacks__E)
                  00003148    00000056     driverlib.lib : gpio.obj (.text:GPIOIntTypeSet)
                  0000319e    00000002     --HOLE-- [fill = 0]
                  000031a0    00000054     rtsv7M4_T_le_v4SPD16_eabi.lib : exit.obj (.text)
                  000031f4    00000004     --HOLE-- [fill = 0]
                  000031f8    00000054     sysbios.aem4f : BIOS.obj (.text:ti_sysbios_family_arm_lm4_Timer_initDevice__I)
                  0000324c    00000054     clock_pem4f.oem4f (.text:ti_sysbios_knl_Task_construct)
                  000032a0    00000054     ti.targets.arm.rtsarm.aem4f : Assert.oem4f (.text:xdc_runtime_Assert_raise__I)
                  000032f4    00000050     Enviroment.obj (.text:EnviroTask)
                  00003344    00000050     drivers_tivaware.aem4f : GPIOTiva.oem4f (.text:GPIO_setCallback)
                  00003394    00000050                            : GPIOTiva.oem4f (.text:GPIO_toggle)
                  000033e4    00000004     --HOLE-- [fill = 0]
                  000033e8    00000050     sysbios.aem4f : BIOS.obj (.text:ti_sysbios_family_arm_m3_Hwi_Module_startup__E)
                  00003438    00000050     ti.targets.arm.rtsarm.aem4f : Startup.oem4f (.text:xdc_runtime_Startup_exec__E)
                  00003488    00000050                                 : Text.oem4f (.text:xdc_runtime_Text_visitRope2__I)
                  000034d8    0000004c     rtsv7M4_T_le_v4SPD16_eabi.lib : cpy_tbl.obj (.text)
                  00003524    00000004     --HOLE-- [fill = 0]
                  00003528    0000004c     sysbios.aem4f : BIOS.obj (.text:ti_sysbios_heaps_HeapMem_getStats__E)
                  00003574    00000004     --HOLE-- [fill = 0]
                  00003578    0000004c                   : BIOS.obj (.text:ti_sysbios_knl_Swi_runLoop__I)
                  000035c4    00000004     --HOLE-- [fill = 0]
                  000035c8    0000004c                   : BIOS.obj (.text:ti_sysbios_knl_Task_allBlockedFunction__I)
                  00003614    00000004     --HOLE-- [fill = 0]
                  00003618    00000048                   : BIOS.obj (.text:ti_sysbios_family_arm_lm4_Timer_enableTimers__I)
                  00003660    00000048                   : BIOS.obj (.text:ti_sysbios_family_arm_m3_Hwi_disableInterrupt__E)
                  000036a8    00000048                   : BIOS.obj (.text:ti_sysbios_family_arm_m3_Hwi_enableInterrupt__E)
                  000036f0    00000048                   : BIOS.obj (.text:ti_sysbios_family_arm_m3_Hwi_excReserved__I)
                  00003738    00000046     ti.targets.arm.rtsarm.aem4f : Core-params.oem4f (.text:xdc_runtime_Core_assignParams__I)
                  0000377e    00000002     --HOLE-- [fill = 0]
                  00003780    00000044     sysbios.aem4f : BIOS.obj (.text:ti_sysbios_family_arm_lm4_Timer_isrStub__E)
                  000037c4    00000004     --HOLE-- [fill = 0]
                  000037c8    00000044                   : BIOS.obj (.text:ti_sysbios_family_arm_m3_Hwi_getStackInfo__E)
                  0000380c    00000004     --HOLE-- [fill = 0]
                  00003810    00000044                   : BIOS.obj (.text:ti_sysbios_knl_Swi_post__E)
                  00003854    00000044     ti.targets.arm.rtsarm.aem4f : Error.oem4f (.text:xdc_runtime_Error_setX__E)
                  00003898    00000044                                 : SysMin.oem4f (.text:xdc_runtime_SysMin_flush__E)
                  000038dc    00000044                                 : Text.oem4f (.text:xdc_runtime_Text_xprintf__I)
                  00003920    00000040     EK_TM4C123GXL.obj (.text:EK_TM4C123GXL_initGeneral)
                  00003960    00000040     rtsv7M4_T_le_v4SPD16_eabi.lib : u_divt2.obj (.text)
                  000039a0    00000040     sysbios.aem4f : BIOS.obj (.text:ti_sysbios_family_arm_lm4_Timer_startup__E)
                  000039e0    00000040                   : BIOS.obj (.text:ti_sysbios_heaps_HeapMem_Instance_init__E)
                  00003a20    0000003c                   : BIOS.obj (.text:ti_sysbios_family_arm_m3_Hwi_excSvCall__I)
                  00003a5c    00000004     --HOLE-- [fill = 0]
                  00003a60    0000003c                   : BIOS.obj (.text:ti_sysbios_heaps_HeapMem_init__I)
                  00003a9c    00000004     --HOLE-- [fill = 0]
                  00003aa0    0000003c                   : BIOS.obj (.text:ti_sysbios_knl_Swi_restore__E)
                  00003adc    00000004     --HOLE-- [fill = 0]
                  00003ae0    00000038                   : BIOS.obj (.text:ti_sysbios_family_arm_m3_Hwi_excNoIsr__I)
                  00003b18    00000038                   : BIOS.obj (.text:ti_sysbios_knl_Task_processVitalTaskFlag__I)
                  00003b50    00000038     ti.targets.arm.rtsarm.aem4f : SysMin.oem4f (.text:xdc_runtime_SysMin_putch__E)
                  00003b88    00000038                                 : System.oem4f (.text:xdc_runtime_System_atexit__E)
                  00003bc0    00000034     driverlib.lib : sysctl.obj (.text:SysCtlPeripheralEnable)
                  00003bf4    00000034     clock.obj (.text:main)
                  00003c28    00000034     sysbios.aem4f : BIOS.obj (.text:ti_sysbios_family_arm_m3_Hwi_Instance_finalize__E)
                  00003c5c    00000004     --HOLE-- [fill = 0]
                  00003c60    00000034                   : BIOS.obj (.text:ti_sysbios_family_arm_m3_Hwi_excNmi__I)
                  00003c94    00000004     --HOLE-- [fill = 0]
                  00003c98    00000034                   : BIOS.obj (.text:ti_sysbios_hal_Hwi_checkStack)
                  00003ccc    00000034     ti.targets.arm.rtsarm.aem4f : Core-label.oem4f (.text:xdc_runtime_Core_assignLabel__I)
                  00003d00    00000033                                 : Text.oem4f (.text:xdc_runtime_Text_printVisFxn__I)
                  00003d33    00000005     --HOLE-- [fill = 0]
                  00003d38    00000032     sysbios.aem4f : BIOS.obj (.text:ti_sysbios_hal_Hwi_initStack)
                  00003d6a    00000002     --HOLE-- [fill = 0]
                  00003d6c    00000030     EK_TM4C123GXL.obj (.text:EK_TM4C123GXL_initGPIO)
                  00003d9c    00000030     drivers_tivaware.aem4f : GPIOTiva.oem4f (.text:GPIO_enableInt)
                  00003dcc    00000030                            : GPIOTiva.oem4f (.text:GPIO_read)
                  00003dfc    00000030     clock_pem4f.oem4f (.text:ti_sysbios_BIOS_atExitFunc__I)
                  00003e2c    00000004     --HOLE-- [fill = 0]
                  00003e30    00000030     sysbios.aem4f : BIOS.obj (.text:ti_sysbios_family_arm_lm4_Timer_stop__E)
                  00003e60    00000030                   : BIOS.obj (.text:ti_sysbios_family_arm_m3_TaskSupport_start__E)
                  00003e90    00000030     clock_pem4f.oem4f (.text:ti_sysbios_gates_GateHwi_Object__create__S)
                  00003ec0    00000030     clock_pem4f.oem4f (.text:ti_sysbios_gates_GateMutex_Object__create__S)
                  00003ef0    00000030     sysbios.aem4f : BIOS.obj (.text:ti_sysbios_gates_GateMutex_enter__E)
                  00003f20    00000030     clock_pem4f.oem4f (.text:ti_sysbios_heaps_HeapMem_Object__create__S)
                  00003f50    00000030     clock_pem4f.oem4f (.text:ti_sysbios_knl_Semaphore_construct)
                  00003f80    00000030     sysbios.aem4f : BIOS.obj (.text:ti_sysbios_knl_Semaphore_pendTimeout__I)
                  00003fb0    00000030                   : BIOS.obj (.text:ti_sysbios_knl_Task_unblockI__E)
                  00003fe0    00000030     ti.targets.arm.rtsarm.aem4f : SysMin.oem4f (.text:xdc_runtime_SysMin_abort__E)
                  00004010    00000030                                 : System.oem4f (.text:xdc_runtime_System_processAtExit__E)
                  00004040    0000002c     clock_pem4f.oem4f (.text:ti_sysbios_knl_Clock_doTick__I)
                  0000406c    0000002c     clock_pem4f.oem4f (.text:ti_sysbios_knl_Queue_construct)
                  00004098    0000002c     sysbios.aem4f : BIOS.obj (.text:ti_sysbios_knl_Task_restore__E)
                  000040c4    0000002c     ti.targets.arm.rtsarm.aem4f : Text.oem4f (.text:xdc_runtime_Text_cordText__E)
                  000040f0    0000002a     driverlib.lib : gpio.obj (.text:GPIODirModeSet)
                  0000411a    0000002a     ti.targets.arm.rtsarm.aem4f : System.oem4f (.text:xdc_runtime_System_putchar__I)
                  00004144    00000004     --HOLE-- [fill = 0]
                  00004148    00000028     sysbios.aem4f : BIOS.obj (.text:ti_sysbios_knl_Swi_Module_startup__E)
                  00004170    00000026                   : m3_Hwi_asm.obj (.text:ti_sysbios_family_arm_m3_Hwi_pendSV__I)
                  00004196    00000026     ti.targets.arm.rtsarm.aem4f : System.oem4f (.text:xdc_runtime_System_avprintf__E)
                  000041bc    00000024     clock_pem4f.oem4f (.text:ti_sysbios_BIOS_errorRaiseHook__I)
                  000041e0    00000024     clock_pem4f.oem4f (.text:ti_sysbios_BIOS_registerRTSLock__I)
                  00004204    00000024     clock_pem4f.oem4f (.text:ti_sysbios_BIOS_removeRTSLock__I)
                  00004228    00000024     clock_pem4f.oem4f (.text:ti_sysbios_BIOS_startFunc__I)
                  0000424c    00000024     clock_pem4f.oem4f (.text:ti_sysbios_gates_GateMutex_Object__delete__S)
                  00004270    00000024     sysbios.aem4f : BIOS.obj (.text:ti_sysbios_knl_Clock_Module_startup__E)
                  00004294    00000004     --HOLE-- [fill = 0]
                  00004298    00000024                   : BIOS.obj (.text:ti_sysbios_knl_Semaphore_Instance_init__E)
                  000042bc    00000004     --HOLE-- [fill = 0]
                  000042c0    00000024                   : BIOS.obj (.text:ti_sysbios_knl_Task_restoreHwi__E)
                  000042e4    00000024     ti.targets.arm.rtsarm.aem4f : System.oem4f (.text:xdc_runtime_System_vprintf__E)
                  00004308    00000022     sysbios.aem4f : BIOS.obj (.text:ti_sysbios_family_arm_lm4_Timer_write__I)
                  0000432a    00000022     clock_pem4f.oem4f (.text:xdc_runtime_SysMin_output__I)
                  0000434c    00000020     drivers_tivaware.aem4f : GPIOTiva.oem4f (.text:GPIO_clearInt)
                  0000436c    00000020     clock_pem4f.oem4f (.text:ti_sysbios_BIOS_rtsLock__I)
                  0000438c    00000020     sysbios.aem4f : m3_Hwi_asm.obj (.text:ti_sysbios_family_arm_m3_Hwi_excHandlerAsm__I)
                  000043ac    00000004     --HOLE-- [fill = 0]
                  000043b0    00000020                   : BIOS.obj (.text:ti_sysbios_family_arm_m3_Hwi_excHandler__I)
                  000043d0    00000020     clock_pem4f.oem4f (.text:ti_sysbios_gates_GateHwi_Object__delete__S)
                  000043f0    00000020     clock_pem4f.oem4f (.text:ti_sysbios_heaps_HeapMem_Object__delete__S)
                  00004410    00000020     sysbios.aem4f : BIOS.obj (.text:ti_sysbios_knl_Idle_run__E)
                  00004430    00000020     clock_pem4f.oem4f (.text:ti_sysbios_knl_Semaphore_Object__destruct__S)
                  00004450    00000020     ti.targets.arm.rtsarm.aem4f : Registry.oem4f (.text:xdc_runtime_Registry_findById__E)
                  00004470    00000020                                 : SysMin.oem4f (.text:xdc_runtime_SysMin_Module_startup__E)
                  00004490    0000001e     sysbios.aem4f : m3_Hwi_asm_switch.obj (.text:ti_sysbios_family_xxx_Hwi_switchAndRunFunc)
                  000044ae    0000001c     drivers_tivaware.aem4f : GPIOTiva.oem4f (.text:getGpioIntIndex)
                  000044ca    0000001c     clock.obj (.text:gggg)
                  000044e6    00000002     --HOLE-- [fill = 0]
                  000044e8    0000001c     sysbios.aem4f : BIOS.obj (.text:ti_sysbios_gates_GateMutex_Instance_init__E)
                  00004504    0000001c     clock_pem4f.oem4f (.text:ti_sysbios_knl_Queue_Object__destruct__S)
                  00004520    0000001c     sysbios.aem4f : BIOS.obj (.text:ti_sysbios_knl_Queue_put__E)
                  0000453c    00000004     --HOLE-- [fill = 0]
                  00004540    0000001c                   : BIOS.obj (.text:ti_sysbios_knl_Task_enter__I)
                  0000455c    0000001c     ti.targets.arm.rtsarm.aem4f : Error.oem4f (.text:xdc_runtime_Error_raiseX__E)
                  00004578    0000001c                                 : Memory.oem4f (.text:xdc_runtime_Memory_valloc__E)
                  00004594    0000001c                                 : SysMin.oem4f (.text:xdc_runtime_SysMin_exit__E)
                  000045b0    0000001c                                 : System.oem4f (.text:xdc_runtime_System_abort__E)
                  000045cc    0000001a     clock_pem4f.oem4f (.text:ti_sysbios_family_arm_m3_Hwi_Handle__label__S)
                  000045e6    0000001a     clock_pem4f.oem4f (.text:ti_sysbios_gates_GateHwi_Handle__label__S)
                  00004600    0000001a     clock_pem4f.oem4f (.text:ti_sysbios_gates_GateMutex_Handle__label__S)
                  0000461a    0000001a     clock_pem4f.oem4f (.text:ti_sysbios_heaps_HeapMem_Handle__label__S)
                  00004634    0000001a     clock_pem4f.oem4f (.text:ti_sysbios_knl_Swi_Handle__label__S)
                  0000464e    0000001a     clock_pem4f.oem4f (.text:ti_sysbios_knl_Task_Handle__label__S)
                  00004668    0000001a     clock_pem4f.oem4f (.text:xdc_runtime_System_aprintf__E)
                  00004682    0000001a     clock_pem4f.oem4f (.text:xdc_runtime_System_printf__E)
                  0000469c    00000018     rtsv7M4_T_le_v4SPD16_eabi.lib : args_main.obj (.text)
                  000046b4    00000018     clock_pem4f.oem4f (.text:ti_sysbios_BIOS_rtsUnlock__I)
                  000046cc    00000018     clock_pem4f.oem4f (.text:ti_sysbios_family_arm_lm4_Timer_Module__startupDone__F)
                  000046e4    00000018     clock_pem4f.oem4f (.text:ti_sysbios_family_arm_m3_Hwi_Module__startupDone__F)
                  000046fc    00000018     sysbios.aem4f : m3_TaskSupport_asm.obj (.text:ti_sysbios_family_arm_m3_TaskSupport_swap__E)
                  00004714    00000004     --HOLE-- [fill = 0]
                  00004718    00000018                   : BIOS.obj (.text:ti_sysbios_gates_GateMutex_leave__E)
                  00004730    00000018     ti.targets.arm.rtsarm.aem4f : Error.oem4f (.text:xdc_runtime_Error_check__E)
                  00004748    00000018                                 : System.oem4f (.text:xdc_runtime_System_exit__E)
                  00004760    00000018                                 : Text.oem4f (.text:xdc_runtime_Text_ropeText__E)
                  00004778    00000016     clock_pem4f.oem4f (.text:ti_sysbios_BIOS_exitFunc__I)
                  0000478e    00000016     Enviroment.obj (.text:ti_sysbios_knl_Semaphore_Params_init)
                  000047a4    00000016     Enviroment.obj (.text:ti_sysbios_knl_Task_Params_init)
                  000047ba    00000002     --HOLE-- [fill = 0]
                  000047bc    00000014     rtsv7M4_T_le_v4SPD16_eabi.lib : _lock.obj (.text)
                  000047d0    00000014                                   : strlen.obj (.text)
                  000047e4    00000014     clock_pem4f.oem4f (.text:ti_sysbios_family_arm_m3_Hwi_Object__get__S)
                  000047f8    00000014     sysbios.aem4f : BIOS.obj (.text:ti_sysbios_family_arm_m3_Hwi_switchFromBootStack__E)
                  0000480c    00000014     clock_pem4f.oem4f (.text:ti_sysbios_heaps_HeapMem_Object__get__S)
                  00004820    00000014     clock_pem4f.oem4f (.text:ti_sysbios_knl_Swi_Object__get__S)
                  00004834    00000012     driverlib.lib : gpio.obj (.text:GPIOPinTypeGPIOInput)
                  00004846    00000002     --HOLE-- [fill = 0]
                  00004848    00000012     sysbios.aem4f : BIOS.obj (.text:ti_sysbios_hal_Hwi_Module_startup__E)
                  0000485a    00000012     clock_pem4f.oem4f (.text:xdc_runtime_Startup_exec__I)
                  0000486c    00000004     --HOLE-- [fill = 0]
                  00004870    00000010     sysbios.aem4f : BIOS.obj (.text:ti_sysbios_BIOS_setThreadType__E)
                  00004880    00000010                   : BIOS.obj (.text:ti_sysbios_BIOS_start__E)
                  00004890    00000010                   : m3_TaskSupport_asm.obj (.text:ti_sysbios_family_arm_m3_TaskSupport_glue)
                  000048a0    00000010                   : BIOS.obj (.text:ti_sysbios_gates_GateMutex_Instance_finalize__E)
                  000048b0    00000010                   : BIOS.obj (.text:ti_sysbios_knl_Semaphore_Instance_finalize__E)
                  000048c0    00000010                   : BIOS.obj (.text:ti_sysbios_knl_Swi_disable__E)
                  000048d0    00000010     clock_pem4f.oem4f (.text:ti_sysbios_knl_Task_Object__get__S)
                  000048e0    00000010     sysbios.aem4f : BIOS.obj (.text:ti_sysbios_knl_Task_disable__E)
                  000048f0    00000010     ti.targets.arm.rtsarm.aem4f : Gate.oem4f (.text:xdc_runtime_Gate_leaveSystem__E)
                  00004900    00000010                                 : Memory.oem4f (.text:xdc_runtime_Memory_free__E)
                  00004910    00000010                                 : SysMin.oem4f (.text:xdc_runtime_SysMin_ready__E)
                  00004920    00000010                                 : System.oem4f (.text:xdc_runtime_System_vsnprintf__E)
                  00004930    00000010     clock_pem4f.oem4f (.text:xdc_runtime_Text_visitRope__I)
                  00004940    0000000e     driverlib.lib : gpio.obj (.text:GPIOIntStatus)
                  0000494e    0000000e     rtsv7M4_T_le_v4SPD16_eabi.lib : copy_decompress_none.obj (.text:decompress:none)
                  0000495c    00000004     --HOLE-- [fill = 0]
                  00004960    0000000e     sysbios.aem4f : BIOS.obj (.text:ti_sysbios_knl_Idle_loop__E)
                  0000496e    00000002     --HOLE-- [fill = 0]
                  00004970    0000000e                   : BIOS.obj (.text:ti_sysbios_knl_Queue_empty__E)
                  0000497e    00000002     --HOLE-- [fill = 0]
                  00004980    0000000c     clock_pem4f.oem4f (.text:.bootCodeSection:ti_catalog_arm_cortexm4_tiva_ce_Boot_init__I)
                  0000498c    0000000c     Enviroment.obj (.text:Enviroment_Enable)
                  00004998    0000000c     driverlib.lib : gpio.obj (.text:GPIOIntEnable)
                  000049a4    0000000c     rtsv7M4_T_le_v4SPD16_eabi.lib : copy_zero_init.obj (.text:decompress:ZI)
                  000049b0    0000000c     sysbios.aem4f : BIOS.obj (.text:ti_sysbios_family_arm_lm4_Timer_getMaxTicks__E)
                  000049bc    0000000c     clock_pem4f.oem4f (.text:ti_sysbios_family_arm_m3_Hwi_Params__init__S)
                  000049c8    0000000c     sysbios.aem4f : BIOS.obj (.text:ti_sysbios_family_arm_m3_Hwi_disableFxn__E)
                  000049d4    00000004     --HOLE-- [fill = 0]
                  000049d8    0000000c                   : BIOS.obj (.text:ti_sysbios_family_arm_m3_TaskSupport_checkStack__E)
                  000049e4    00000004     --HOLE-- [fill = 0]
                  000049e8    0000000c                   : BIOS.obj (.text:ti_sysbios_family_arm_m3_TaskSupport_getStackAlignment__E)
                  000049f4    00000004     --HOLE-- [fill = 0]
                  000049f8    0000000c                   : BIOS.obj (.text:ti_sysbios_gates_GateHwi_enter__E)
                  00004a04    0000000c     clock_pem4f.oem4f (.text:ti_sysbios_knl_Queue_Object__get__S)
                  00004a10    0000000c     clock_pem4f.oem4f (.text:ti_sysbios_knl_Semaphore_Params__init__S)
                  00004a1c    0000000c     Enviroment.obj (.text:ti_sysbios_knl_Semaphore_handle)
                  00004a28    0000000c     clock_pem4f.oem4f (.text:ti_sysbios_knl_Task_Params__init__S)
                  00004a34    0000000c     ti.targets.arm.rtsarm.aem4f : Error.oem4f (.text:xdc_runtime_Error_init__E)
                  00004a40    0000000c                                 : Gate.oem4f (.text:xdc_runtime_Gate_enterSystem__E)
                  00004a4c    0000000c                                 : Memory.oem4f (.text:xdc_runtime_Memory_calloc__E)
                  00004a58    0000000c                                 : Memory.oem4f (.text:xdc_runtime_Memory_getMaxDefaultTypeAlign__E)
                  00004a64    0000000a     clock_pem4f.oem4f (.text:xdc_runtime_IHeap_alloc)
                  00004a6e    0000000a     clock_pem4f.oem4f (.text:xdc_runtime_IHeap_free)
                  00004a78    00000008     sysbios.aem4f : BIOS.obj (.text:ti_sysbios_family_arm_lm4_Timer_masterDisable__I)
                  00004a80    00000008                   : BIOS.obj (.text:ti_sysbios_family_arm_m3_Hwi_doSwiRestore__I)
                  00004a88    00000008                   : BIOS.obj (.text:ti_sysbios_family_arm_m3_Hwi_startup__E)
                  00004a90    00000006     driverlib.lib : gpio.obj (.text:GPIOIntClear)
                  00004a96    00000006                   : gpio.obj (.text:GPIOPinRead)
                  00004a9c    00000006                   : gpio.obj (.text:GPIOPinWrite)
                  00004aa2    00000006     Boot.aem4f : Boot_sysctl.oem4f (.text:ti_catalog_arm_cortexm4_tiva_ce_Boot_sysCtlDelayI__I)
                  00004aa8    00000006     sysbios.aem4f : BIOS.obj (.text:ti_sysbios_family_arm_m3_Hwi_doTaskRestore__I)
                  00004aae    00000002     --HOLE-- [fill = 0]
                  00004ab0    00000006                   : BIOS.obj (.text:ti_sysbios_family_arm_m3_Hwi_restoreFxn__E)
                  00004ab6    00000002     --HOLE-- [fill = 0]
                  00004ab8    00000006                   : BIOS.obj (.text:ti_sysbios_gates_GateHwi_leave__E)
                  00004abe    00000002     --HOLE-- [fill = 0]
                  00004ac0    00000006                   : BIOS.obj (.text:ti_sysbios_heaps_HeapMem_isBlocking__E)
                  00004ac6    00000002     --HOLE-- [fill = 0]
                  00004ac8    00000006                   : BIOS.obj (.text:ti_sysbios_knl_Queue_Instance_init__E)
                  00004ace    00000002     --HOLE-- [fill = 0]
                  00004ad0    00000006                   : BIOS.obj (.text:ti_sysbios_knl_Swi_startup__E)
                  00004ad6    00000006     ti.targets.arm.rtsarm.aem4f : System.oem4f (.text:xdc_runtime_System_Module_startup__E)
                  00004adc    00000004     --HOLE-- [fill = 0]
                  00004ae0    00000004     sysbios.aem4f : BIOS.obj (.text:ti_sysbios_gates_GateHwi_query__E)
                  00004ae4    00000004     --HOLE-- [fill = 0]
                  00004ae8    00000004                   : BIOS.obj (.text:ti_sysbios_gates_GateMutex_query__E)
                  00004aec    00000004     --HOLE-- [fill = 0]
                  00004af0    00000004                   : BIOS.obj (.text:ti_sysbios_knl_Task_startup__E)
                  00004af4    00000004     --HOLE-- [fill = 0]
                  00004af8    00000002                   : BIOS.obj (.text:ti_sysbios_gates_GateHwi_Instance_init__E)
                  00004afa    00000006     --HOLE-- [fill = 0]
                  00004b00    00000002                   : BIOS.obj (.text:ti_sysbios_knl_Clock_logTick__E)

.const     0    00004b04    00001e1a     
                  00004b04    00001861     clock_pem4f.oem4f (.const:xdc_runtime_Text_charTab__A)
                  00006365    00000001     clock_pem4f.oem4f (.const:xdc_runtime_Error_policy__C)
                  00006366    000000bc     clock_pem4f.oem4f (.const:xdc_runtime_Text_nodeTab__A)
                  00006422    00000054     drivers_tivaware.aem4f : GPIOTiva.oem4f (.const:.string)
                  00006476    00000002     clock_pem4f.oem4f (.const:ti_catalog_arm_cortexm4_tiva_ce_Boot_Module__id__C)
                  00006478    00000048     clock_pem4f.oem4f (.const:.string)
                  000064c0    00000048     drivers_tivaware.aem4f : GPIOTiva.oem4f (.const:gpioBaseAddresses)
                  00006508    0000003c     clock_pem4f.oem4f (.const:ti_sysbios_knl_Task_Object__PARAMS__C)
                  00006544    00000030     clock_pem4f.oem4f (.const:ti_sysbios_family_arm_m3_Hwi_Object__PARAMS__C)
                  00006574    00000028     clock_pem4f.oem4f (.const:ti_sysbios_heaps_HeapMem_Module__FXNS__C)
                  0000659c    00000024     clock_pem4f.oem4f (.const:ti_sysbios_gates_GateHwi_Module__FXNS__C)
                  000065c0    00000024     clock_pem4f.oem4f (.const:ti_sysbios_gates_GateMutex_Module__FXNS__C)
                  000065e4    00000024     clock_pem4f.oem4f (.const:ti_sysbios_heaps_HeapMem_Object__PARAMS__C)
                  00006608    00000024     clock_pem4f.oem4f (.const:ti_sysbios_knl_Semaphore_Object__PARAMS__C)
                  0000662c    00000020     clock_pem4f.oem4f (.const:ti_sysbios_family_arm_m3_Hwi_Object__DESC__C)
                  0000664c    00000020     clock_pem4f.oem4f (.const:ti_sysbios_gates_GateHwi_Object__DESC__C)
                  0000666c    00000020     clock_pem4f.oem4f (.const:ti_sysbios_gates_GateMutex_Object__DESC__C)
                  0000668c    00000020     clock_pem4f.oem4f (.const:ti_sysbios_heaps_HeapMem_Object__DESC__C)
                  000066ac    00000020     clock_pem4f.oem4f (.const:ti_sysbios_knl_Queue_Object__DESC__C)
                  000066cc    00000020     clock_pem4f.oem4f (.const:ti_sysbios_knl_Semaphore_Object__DESC__C)
                  000066ec    00000020     clock_pem4f.oem4f (.const:ti_sysbios_knl_Task_Object__DESC__C)
                  0000670c    00000020     clock_pem4f.oem4f (.const:xdc_runtime_Startup_sfxnTab__A)
                  0000672c    00000018     clock_pem4f.oem4f (.const:ti_sysbios_gates_GateHwi_Object__PARAMS__C)
                  00006744    00000018     clock_pem4f.oem4f (.const:ti_sysbios_gates_GateMutex_Object__PARAMS__C)
                  0000675c    00000018     clock_pem4f.oem4f (.const:ti_sysbios_knl_Queue_Object__PARAMS__C)
                  00006774    00000014     EK_TM4C123GXL.obj (.const:GPIOTiva_config)
                  00006788    00000014     clock_pem4f.oem4f (.const:xdc_runtime_Startup_firstFxns__A)
                  0000679c    00000010     clock_pem4f.oem4f (.const:xdc_runtime_Startup_sfxnRts__A)
                  000067ac    00000008     clock_pem4f.oem4f (.const:ti_sysbios_family_arm_m3_Hwi_excHookFuncs__A)
                  000067b4    00000008     clock_pem4f.oem4f (.const:ti_sysbios_knl_Idle_funcList__C)
                  000067bc    00000008     clock_pem4f.oem4f (.const:xdc_runtime_Startup_firstFxns__C)
                  000067c4    00000008     clock_pem4f.oem4f (.const:xdc_runtime_Startup_lastFxns__C)
                  000067cc    00000004     clock_pem4f.oem4f (.const:ti_catalog_arm_cortexm4_tiva_ce_Boot_A_mustUseEnhancedClockMode__C)
                  000067d0    00000004     clock_pem4f.oem4f (.const:ti_catalog_arm_cortexm4_tiva_ce_Boot_Module__diagsEnabled__C)
                  000067d4    00000004     clock_pem4f.oem4f (.const:ti_catalog_arm_cortexm4_tiva_ce_Boot_Module__diagsIncluded__C)
                  000067d8    00000004     clock_pem4f.oem4f (.const:ti_catalog_arm_cortexm4_tiva_ce_Boot_Module__diagsMask__C)
                  000067dc    00000004     clock_pem4f.oem4f (.const:ti_sysbios_family_arm_lm4_Timer_enableFunc__C)
                  000067e0    00000004     clock_pem4f.oem4f (.const:ti_sysbios_family_arm_lm4_Timer_numTimerDevices__C)
                  000067e4    00000004     clock_pem4f.oem4f (.const:ti_sysbios_family_arm_lm4_Timer_startupNeeded__C)
                  000067e8    00000004     clock_pem4f.oem4f (.const:ti_sysbios_family_arm_m3_Hwi_E_NMI__C)
                  000067ec    00000004     clock_pem4f.oem4f (.const:ti_sysbios_family_arm_m3_Hwi_E_alreadyDefined__C)
                  000067f0    00000004     clock_pem4f.oem4f (.const:ti_sysbios_family_arm_m3_Hwi_E_busFault__C)
                  000067f4    00000004     clock_pem4f.oem4f (.const:ti_sysbios_family_arm_m3_Hwi_E_debugMon__C)
                  000067f8    00000004     clock_pem4f.oem4f (.const:ti_sysbios_family_arm_m3_Hwi_E_hardFault__C)
                  000067fc    00000004     clock_pem4f.oem4f (.const:ti_sysbios_family_arm_m3_Hwi_E_memFault__C)
                  00006800    00000004     clock_pem4f.oem4f (.const:ti_sysbios_family_arm_m3_Hwi_E_noIsr__C)
                  00006804    00000004     clock_pem4f.oem4f (.const:ti_sysbios_family_arm_m3_Hwi_E_reserved__C)
                  00006808    00000004     clock_pem4f.oem4f (.const:ti_sysbios_family_arm_m3_Hwi_E_svCall__C)
                  0000680c    00000004     clock_pem4f.oem4f (.const:ti_sysbios_family_arm_m3_Hwi_E_usageFault__C)
                  00006810    00000004     clock_pem4f.oem4f (.const:ti_sysbios_family_arm_m3_Hwi_NUM_INTERRUPTS__C)
                  00006814    00000004     clock_pem4f.oem4f (.const:ti_sysbios_family_arm_m3_Hwi_Object__count__C)
                  00006818    00000004     clock_pem4f.oem4f (.const:ti_sysbios_family_arm_m3_Hwi_ccr__C)
                  0000681c    00000004     clock_pem4f.oem4f (.const:ti_sysbios_family_arm_m3_Hwi_excHandlerFunc__C)
                  00006820    00000004     clock_pem4f.oem4f (.const:ti_sysbios_family_arm_m3_Hwi_excHookFuncs__C)
                  00006824    00000004     clock_pem4f.oem4f (.const:ti_sysbios_family_arm_m3_Hwi_nullIsrFunc__C)
                  00006828    00000004     clock_pem4f.oem4f (.const:ti_sysbios_family_arm_m3_Hwi_priGroup__C)
                  0000682c    00000004     clock_pem4f.oem4f (.const:ti_sysbios_family_arm_m3_TaskSupport_stackAlignment__C)
                  00006830    00000004     clock_pem4f.oem4f (.const:ti_sysbios_gates_GateMutex_Instance_State_sem__O)
                  00006834    00000004     clock_pem4f.oem4f (.const:ti_sysbios_hal_Hwi_E_stackOverflow__C)
                  00006838    00000004     clock_pem4f.oem4f (.const:ti_sysbios_heaps_HeapMem_E_memory__C)
                  0000683c    00000004     clock_pem4f.oem4f (.const:ti_sysbios_heaps_HeapMem_Module__gateObj__C)
                  00006840    00000004     clock_pem4f.oem4f (.const:ti_sysbios_heaps_HeapMem_Object__count__C)
                  00006844    00000004     clock_pem4f.oem4f (.const:ti_sysbios_heaps_HeapMem_reqAlign__C)
                  00006848    00000004     clock_pem4f.oem4f (.const:ti_sysbios_knl_Clock_Module_State_clockQ__O)
                  0000684c    00000004     clock_pem4f.oem4f (.const:ti_sysbios_knl_Idle_funcList__A)
                  00006850    00000004     clock_pem4f.oem4f (.const:ti_sysbios_knl_Semaphore_Instance_State_pendQ__O)
                  00006854    00000004     clock_pem4f.oem4f (.const:ti_sysbios_knl_Swi_Object__count__C)
                  00006858    00000004     clock_pem4f.oem4f (.const:ti_sysbios_knl_Task_E_spOutOfBounds__C)
                  0000685c    00000004     clock_pem4f.oem4f (.const:ti_sysbios_knl_Task_E_stackOverflow__C)
                  00006860    00000004     clock_pem4f.oem4f (.const:ti_sysbios_knl_Task_Module_State_inactiveQ__O)
                  00006864    00000004     clock_pem4f.oem4f (.const:ti_sysbios_knl_Task_Object__count__C)
                  00006868    00000004     clock_pem4f.oem4f (.const:ti_sysbios_knl_Task_allBlockedFunc__C)
                  0000686c    00000004     clock_pem4f.oem4f (.const:ti_sysbios_knl_Task_defaultStackHeap__C)
                  00006870    00000004     clock_pem4f.oem4f (.const:ti_sysbios_knl_Task_defaultStackSize__C)
                  00006874    00000004     clock_pem4f.oem4f (.const:ti_sysbios_knl_Task_numConstructedTasks__C)
                  00006878    00000004     clock_pem4f.oem4f (.const:xdc_runtime_Assert_E_assertFailed__C)
                  0000687c    00000004     clock_pem4f.oem4f (.const:xdc_runtime_Core_A_initializedParams__C)
                  00006880    00000004     clock_pem4f.oem4f (.const:xdc_runtime_Core_Module__diagsEnabled__C)
                  00006884    00000004     clock_pem4f.oem4f (.const:xdc_runtime_Core_Module__diagsIncluded__C)
                  00006888    00000004     clock_pem4f.oem4f (.const:xdc_runtime_Core_Module__diagsMask__C)
                  0000688c    00000004     clock_pem4f.oem4f (.const:xdc_runtime_Error_E_memory__C)
                  00006890    00000004     clock_pem4f.oem4f (.const:xdc_runtime_Error_Module__diagsEnabled__C)
                  00006894    00000004     clock_pem4f.oem4f (.const:xdc_runtime_Error_Module__diagsIncluded__C)
                  00006898    00000004     clock_pem4f.oem4f (.const:xdc_runtime_Error_Module__diagsMask__C)
                  0000689c    00000004     clock_pem4f.oem4f (.const:xdc_runtime_Error_Module__loggerFxn8__C)
                  000068a0    00000004     clock_pem4f.oem4f (.const:xdc_runtime_Error_Module__loggerObj__C)
                  000068a4    00000004     clock_pem4f.oem4f (.const:xdc_runtime_Error_policyFxn__C)
                  000068a8    00000004     clock_pem4f.oem4f (.const:xdc_runtime_Error_raiseHook__C)
                  000068ac    00000004     clock_pem4f.oem4f (.const:xdc_runtime_IGateProvider_Interface__BASE__C)
                  000068b0    00000004     clock_pem4f.oem4f (.const:xdc_runtime_IHeap_Interface__BASE__C)
                  000068b4    00000004     clock_pem4f.oem4f (.const:xdc_runtime_IModule_Interface__BASE__C)
                  000068b8    00000004     clock_pem4f.oem4f (.const:xdc_runtime_Log_L_error__C)
                  000068bc    00000004     clock_pem4f.oem4f (.const:xdc_runtime_Memory_defaultHeapInstance__C)
                  000068c0    00000004     clock_pem4f.oem4f (.const:xdc_runtime_Startup_execImpl__C)
                  000068c4    00000004     clock_pem4f.oem4f (.const:xdc_runtime_Startup_maxPasses__C)
                  000068c8    00000004     clock_pem4f.oem4f (.const:xdc_runtime_Startup_sfxnRts__C)
                  000068cc    00000004     clock_pem4f.oem4f (.const:xdc_runtime_Startup_sfxnTab__C)
                  000068d0    00000004     clock_pem4f.oem4f (.const:xdc_runtime_SysMin_bufSize__C)
                  000068d4    00000004     clock_pem4f.oem4f (.const:xdc_runtime_SysMin_outputFunc__C)
                  000068d8    00000004     clock_pem4f.oem4f (.const:xdc_runtime_System_Module__gateObj__C)
                  000068dc    00000004     clock_pem4f.oem4f (.const:xdc_runtime_System_abortFxn__C)
                  000068e0    00000004     clock_pem4f.oem4f (.const:xdc_runtime_System_exitFxn__C)
                  000068e4    00000004     clock_pem4f.oem4f (.const:xdc_runtime_System_extendFxn__C)
                  000068e8    00000004     clock_pem4f.oem4f (.const:xdc_runtime_System_maxAtexitHandlers__C)
                  000068ec    00000004     clock_pem4f.oem4f (.const:xdc_runtime_Text_charTab__C)
                  000068f0    00000004     clock_pem4f.oem4f (.const:xdc_runtime_Text_nameEmpty__C)
                  000068f4    00000004     clock_pem4f.oem4f (.const:xdc_runtime_Text_nameStatic__C)
                  000068f8    00000004     clock_pem4f.oem4f (.const:xdc_runtime_Text_nameUnknown__C)
                  000068fc    00000004     clock_pem4f.oem4f (.const:xdc_runtime_Text_nodeTab__C)
                  00006900    00000004     clock_pem4f.oem4f (.const:xdc_runtime_Text_visitRopeFxn__C)
                  00006904    00000002     clock_pem4f.oem4f (.const:ti_sysbios_family_arm_m3_Hwi_Module__id__C)
                  00006906    00000002     clock_pem4f.oem4f (.const:ti_sysbios_hal_Hwi_Module__id__C)
                  00006908    00000002     clock_pem4f.oem4f (.const:ti_sysbios_heaps_HeapMem_Module__id__C)
                  0000690a    00000002     clock_pem4f.oem4f (.const:ti_sysbios_knl_Task_Module__id__C)
                  0000690c    00000002     clock_pem4f.oem4f (.const:xdc_runtime_Core_Module__id__C)
                  0000690e    00000002     clock_pem4f.oem4f (.const:xdc_runtime_Error_Module__loggerDefined__C)
                  00006910    00000002     clock_pem4f.oem4f (.const:xdc_runtime_Error_maxDepth__C)
                  00006912    00000002     clock_pem4f.oem4f (.const:xdc_runtime_Memory_Module__id__C)
                  00006914    00000002     clock_pem4f.oem4f (.const:xdc_runtime_SysMin_flushAtExit__C)
                  00006916    00000002     clock_pem4f.oem4f (.const:xdc_runtime_Text_charCnt__C)
                  00006918    00000002     clock_pem4f.oem4f (.const:xdc_runtime_Text_isLoaded__C)
                  0000691a    00000002     clock_pem4f.oem4f (.const:xdc_runtime_Text_registryModsLastId__C)
                  0000691c    00000002     clock_pem4f.oem4f (.const:xdc_runtime_Text_unnamedModsLastId__C)

.cinit     0    00006920    00000210     
                  00006920    000001d7     (.cinit..data.load) [load image, compression = lzss]
                  00006af7    00000001     --HOLE-- [fill = 0]
                  00006af8    0000000c     (__TI_handler_table)
                  00006b04    00000004     --HOLE-- [fill = 0]
                  00006b08    00000008     (.cinit..bss.load) [load image, compression = zero_init]
                  00006b10    00000008     (.cinit..vecs.load) [load image, compression = zero_init]
                  00006b18    00000018     (__TI_cinit_table)

.init_array 
*          0    00000000    00000000     UNINITIALIZED

.resetVecs 
*          0    00000000    0000003c     
                  00000000    0000003c     clock_pem4f.oem4f (.resetVecs)

.vecs      0    20000000    00000360     UNINITIALIZED
                  20000000    00000360     clock_pem4f.oem4f (.vecs)

.bss       0    20000360    00000f90     UNINITIALIZED
                  20000360    00000400     (.common:ti_sysbios_heaps_HeapMem_Instance_State_0_buf__A)
                  20000760    00000360     (.common:ti_sysbios_family_arm_m3_Hwi_dispatchTable)
                  20000ac0    00000200     clock_pem4f.oem4f (.bss:taskStackSection)
                  20000cc0    00000200     (.common:EnvTaskStack)
                  20000ec0    00000200     (.common:xdc_runtime_SysMin_Module_State_0_outbuf__A)
                  200010c0    00000120     rtsv7M4_T_le_v4SPD16_eabi.lib : trgmsg.obj (.bss:_CIOBUF_)
                  200011e0    00000090     drivers_tivaware.aem4f : GPIOTiva.oem4f (.bss:gpioCallbackInfo)
                  20001270    00000050     (.common:EnvTaskStruct)
                  200012c0    0000001c     (.common:Measure_sem)
                  200012dc    00000008     (.common:parmbuf)
                  200012e4    00000004     (.common:Enviroment_fxn)
                  200012e8    00000004     (.common:Measure_sem_Handle)
                  200012ec    00000004     (.common:gpioInterruptVectors)

.data      0    200012f0    0000043c     UNINITIALIZED
                  200012f0    00000080     clock_pem4f.oem4f (.data:ti_sysbios_knl_Swi_Module_State_0_readyQ__A)
                  20001370    00000080     clock_pem4f.oem4f (.data:ti_sysbios_knl_Task_Module_State_0_readyQ__A)
                  200013f0    0000004c     clock_pem4f.oem4f (.data:ti_sysbios_knl_Task_Object__table__V)
                  2000143c    00000044     clock_pem4f.oem4f (.data:ti_sysbios_knl_Task_Module__state__V)
                  20001480    00000040     clock_pem4f.oem4f (.data:ti_sysbios_family_arm_lm4_Timer_Object__table__V)
                  200014c0    00000038     clock_pem4f.oem4f (.data:ti_sysbios_gates_GateMutex_Object__table__V)
                  200014f8    00000034     clock_pem4f.oem4f (.data:ti_sysbios_family_arm_m3_Hwi_Module__state__V)
                  2000152c    00000030     clock_pem4f.oem4f (.data:ti_sysbios_family_arm_lm4_Timer_Module_State_0_device__A)
                  2000155c    00000030     clock_pem4f.oem4f (.data:ti_sysbios_knl_Swi_Object__table__V)
                  2000158c    0000002c     clock_pem4f.oem4f (.data:ti_sysbios_knl_Clock_Module__state__V)
                  200015b8    00000024     clock_pem4f.oem4f (.data:ti_sysbios_BIOS_Module__state__V)
                  200015dc    0000001c     clock_pem4f.oem4f (.data:ti_sysbios_knl_Swi_Module__state__V)
                  200015f8    00000018     EK_TM4C123GXL.obj (.data:gpioPinConfigs)
                  20001610    00000018     clock_pem4f.oem4f (.data:ti_sysbios_family_arm_lm4_Timer_Module_State_0_handles__A)
                  20001628    00000018     clock_pem4f.oem4f (.data:ti_sysbios_family_arm_m3_Hwi_Object__table__V)
                  20001640    00000018     clock_pem4f.oem4f (.data:ti_sysbios_heaps_HeapMem_Object__table__V)
                  20001658    00000011     Enviroment.obj (.data)
                  20001669    00000001     --HOLE--
                  2000166a    00000002     clock_pem4f.oem4f (.data:ti_sysbios_family_arm_m3_Hwi_Module_State_0_excActive__A)
                  2000166c    0000000c     rtsv7M4_T_le_v4SPD16_eabi.lib : exit.obj (.data:$O1$$)
                  20001678    0000000c     clock_pem4f.oem4f (.data:ti_sysbios_family_arm_lm4_Timer_Module__state__V)
                  20001684    0000000c     clock_pem4f.oem4f (.data:xdc_runtime_SysMin_Module__state__V)
                  20001690    00000008     rtsv7M4_T_le_v4SPD16_eabi.lib : _lock.obj (.data:$O1$$)
                  20001698    00000008     clock.obj (.data:bum)
                  200016a0    00000008     EK_TM4C123GXL.obj (.data:gpioCallbackFunctions)
                  200016a8    00000008     clock_pem4f.oem4f (.data:ti_sysbios_family_arm_m3_Hwi_Module__root__V)
                  200016b0    00000008     clock_pem4f.oem4f (.data:ti_sysbios_gates_GateHwi_Module__root__V)
                  200016b8    00000008     clock_pem4f.oem4f (.data:ti_sysbios_gates_GateMutex_Module__root__V)
                  200016c0    00000008     clock_pem4f.oem4f (.data:ti_sysbios_heaps_HeapMem_Module__root__V)
                  200016c8    00000008     clock_pem4f.oem4f (.data:ti_sysbios_knl_Queue_Module__root__V)
                  200016d0    00000008     clock_pem4f.oem4f (.data:ti_sysbios_knl_Semaphore_Module__root__V)
                  200016d8    00000008     clock_pem4f.oem4f (.data:ti_sysbios_knl_Task_Module__root__V)
                  200016e0    00000008     clock_pem4f.oem4f (.data:xdc_runtime_Registry_Module__state__V)
                  200016e8    00000008     clock_pem4f.oem4f (.data:xdc_runtime_Startup_Module__state__V)
                  200016f0    00000008     clock_pem4f.oem4f (.data:xdc_runtime_System_Module_State_0_atexitHandlers__A)
                  200016f8    00000008     clock_pem4f.oem4f (.data:xdc_runtime_System_Module__state__V)
                  20001700    00000005     drivers_tivaware.aem4f : GPIOTiva.oem4f (.data)
                  20001705    00000001     --HOLE--
                  20001706    00000002     clock_pem4f.oem4f (.data:xdc_runtime_Error_Module__state__V)
                  20001708    00000004     Enviroment.obj (.data:_bum)
                  2000170c    00000004     Enviroment.obj (.data:_cliff)
                  20001710    00000004     clock.obj (.data:cliff)
                  20001714    00000004     rtsv7M4_T_le_v4SPD16_eabi.lib : stkdepth_vars.obj (.data)
                  20001718    00000004     clock_pem4f.oem4f (.data:ti_sysbios_family_arm_m3_Hwi_Module_State_0_excContext__A)
                  2000171c    00000004     clock_pem4f.oem4f (.data:ti_sysbios_family_arm_m3_Hwi_Module_State_0_excStack__A)
                  20001720    00000004     clock_pem4f.oem4f (.data:ti_sysbios_gates_GateHwi_Object__table__V)
                  20001724    00000004     clock_pem4f.oem4f (.data:ti_sysbios_knl_Task_Module_State_0_idleTask__A)
                  20001728    00000004     clock_pem4f.oem4f (.data:xdc_runtime_Memory_Module__state__V)

.stack     0    2000172c    00000300     UNINITIALIZED
                  2000172c    00000300     --HOLE--

.bootVecs 
*          0    00000000    00000008     DSECT
                  00000000    00000008     boot.aem4f : boot.oem4f (.bootVecs)

xdc.meta   0    00000000    000000ec     COPY SECTION
                  00000000    000000ec     clock_pem4f.oem4f (xdc.meta)

MODULE SUMMARY

       Module                     code    ro data   rw data
       ------                     ----    -------   -------
    .\
       Enviroment.obj             640     0         653    
       EK_TM4C123GXL.obj          112     20        32     
       clock.obj                  80      0         12     
    +--+--------------------------+-------+---------+---------+
       Total:                     832     20        697    
                                                           
    C:\Users\Andres\workspace_v7\clock_EK_TM4C123GXL_TI\Debug\configPkg\package\cfg\
       clock_pem4f.oem4f          1666    7590      4760   
    +--+--------------------------+-------+---------+---------+
       Total:                     1666    7590      4760   
                                                           
    C:/ti/tirtos_tivac_2_16_00_08/products/TivaWare_C_Series-2.1.1.71b/driverlib/ccs/Debug/driverlib.lib
       gpio.obj                   494     0         0      
       sysctl.obj                 52      0         0      
    +--+--------------------------+-------+---------+---------+
       Total:                     546     0         0      
                                                           
    C:/ti/tirtos_tivac_2_16_00_08/products/tidrivers_tivac_2_16_00_08/packages/ti/drivers/lib/drivers_tivaware.aem4f
       GPIOTiva.oem4f             892     156       153    
    +--+--------------------------+-------+---------+---------+
       Total:                     892     156       153    
                                                           
    C:\Users\Andres\workspace_v7\clock_EK_TM4C123GXL_TI\src\sysbios\sysbios.aem4f
       BIOS.obj                   8818    0         0      
       m3_Hwi_asm.obj             314     0         0      
       m3_TaskSupport_asm.obj     180     0         0      
       m3_Hwi_asm_switch.obj      118     0         0      
    +--+--------------------------+-------+---------+---------+
       Total:                     9430    0         0      
                                                           
    C:\ti\ccsv7\tools\compiler\ti-cgt-arm_16.9.6.LTS\lib\rtsv7M4_T_le_v4SPD16_eabi.lib
       trgmsg.obj                 104     0         288    
       memcpy_t2.obj              156     0         0      
       memset_t2.obj              122     0         0      
       copy_decompress_lzss.obj   104     0         0      
       exit.obj                   84      0         12     
       hostwrite.obj              88      0         0      
       cpy_tbl.obj                76      0         0      
       u_divt2.obj                64      0         0      
       _lock.obj                  20      0         8      
       args_main.obj              24      0         0      
       strlen.obj                 20      0         0      
       copy_decompress_none.obj   14      0         0      
       copy_zero_init.obj         12      0         0      
       hostopen.obj               0       0         8      
       stkdepth_vars.obj          0       0         4      
       i_div0.obj                 2       0         0      
    +--+--------------------------+-------+---------+---------+
       Total:                     890     0         320    
                                                           
    C:\ti\tirtos_tivac_2_16_00_08\products\bios_6_45_01_29\packages\ti\catalog\arm\cortexm4\tiva\ce\lib\Boot.aem4f
       Boot_sysctl.oem4f          262     0         0      
       Boot.oem4f                 152     0         0      
    +--+--------------------------+-------+---------+---------+
       Total:                     414     0         0      
                                                           
    C:\ti\tirtos_tivac_2_16_00_08\products\bios_6_45_01_29\packages\ti\targets\arm\rtsarm\lib\auto_init.aem4f
       auto_init.oem4f            160     0         0      
    +--+--------------------------+-------+---------+---------+
       Total:                     160     0         0      
                                                           
    C:\ti\tirtos_tivac_2_16_00_08\products\bios_6_45_01_29\packages\ti\targets\arm\rtsarm\lib\boot.aem4f
       boot.oem4f                 88      0         0      
    +--+--------------------------+-------+---------+---------+
       Total:                     88      0         0      
                                                           
    C:\ti\tirtos_tivac_2_16_00_08\products\bios_6_45_01_29\packages\ti\targets\arm\rtsarm\lib\ti.targets.arm.rtsarm.aem4f
       System.oem4f               1255    0         0      
       Text.oem4f                 672     0         0      
       Error.oem4f                524     0         0      
       Core-mem.oem4f             358     0         0      
       Startup.oem4f              328     0         0      
       SysMin.oem4f               248     0         0      
       Core-smem.oem4f            204     0         0      
       Memory.oem4f               176     0         0      
       Assert.oem4f               84      0         0      
       Core-params.oem4f          70      0         0      
       Core-label.oem4f           52      0         0      
       Registry.oem4f             32      0         0      
       Gate.oem4f                 28      0         0      
    +--+--------------------------+-------+---------+---------+
       Total:                     4031    0         0      
                                                           
       Stack:                     0       0         768    
       Linker Generated:          0       523       0      
    +--+--------------------------+-------+---------+---------+
       Grand Total:               18949   8289      6698   


LINKER GENERATED COPY TABLES

__TI_cinit_table @ 00006b18 records: 3, size/record: 8, table size: 24
	.data: load addr=00006920, load size=000001d7 bytes, run addr=200012f0, run size=0000043c bytes, compression=lzss
	.bss: load addr=00006b08, load size=00000008 bytes, run addr=20000360, run size=00000f90 bytes, compression=zero_init
	.vecs: load addr=00006b10, load size=00000008 bytes, run addr=20000000, run size=00000360 bytes, compression=zero_init


LINKER GENERATED HANDLER TABLE

__TI_handler_table @ 00006af8 records: 3, size/record: 4, table size: 12
	index: 0, handler: __TI_decompress_lzss
	index: 1, handler: __TI_decompress_none
	index: 2, handler: __TI_zero_init


GLOBAL SYMBOLS: SORTED ALPHABETICALLY BY Name 

address   name                                                              
-------   ----                                                              
000031a1  C$$EXIT                                                           
00002b6b  C$$IO$$                                                           
00003d6d  EK_TM4C123GXL_initGPIO                                            
00003921  EK_TM4C123GXL_initGeneral                                         
20000cc0  EnvTaskStack                                                      
20001270  EnvTaskStruct                                                     
000032f5  EnviroTask                                                        
000028b9  EnviromentIntB                                                    
00002925  EnviromentIntC                                                    
0000498d  Enviroment_Enable                                                 
200012e4  Enviroment_fxn                                                    
000012d9  Enviroment_init                                                   
000040f1  GPIODirModeSet                                                    
00004a91  GPIOIntClear                                                      
00004999  GPIOIntEnable                                                     
00004941  GPIOIntStatus                                                     
00003149  GPIOIntTypeSet                                                    
00001091  GPIOPadConfigSet                                                  
00004a97  GPIOPinRead                                                       
00004835  GPIOPinTypeGPIOInput                                              
00004a9d  GPIOPinWrite                                                      
00006774  GPIOTiva_config                                                   
0000434d  GPIO_clearInt                                                     
00003d9d  GPIO_enableInt                                                    
00002c0d  GPIO_hwiIntFxn                                                    
000024cd  GPIO_init                                                         
00003dcd  GPIO_read                                                         
00003345  GPIO_setCallback                                                  
00000df5  GPIO_setConfig                                                    
00003395  GPIO_toggle                                                       
00003099  HOSTwrite                                                         
200012c0  Measure_sem                                                       
200012e8  Measure_sem_Handle                                                
UNDEFED   SHT$$INIT_ARRAY$$Base                                             
UNDEFED   SHT$$INIT_ARRAY$$Limit                                            
00003bc1  SysCtlPeripheralEnable                                            
20001668  TaskFlag                                                          
00000000  __ASM__                                                           
200010c0  __CIOBUF_                                                         
0000006a  __ISA__                                                           
0000007d  __PLAT__                                                          
20001a2c  __STACK_END                                                       
00000300  __STACK_SIZE                                                      
0000009e  __TARG__                                                          
00006b18  __TI_CINIT_Base                                                   
00006b30  __TI_CINIT_Limit                                                  
00006af8  __TI_Handler_Table_Base                                           
00006b04  __TI_Handler_Table_Limit                                          
00001ff5  __TI_auto_init                                                    
2000166c  __TI_cleanup_ptr                                                  
00002ad5  __TI_decompress_lzss                                              
0000494f  __TI_decompress_none                                              
20001670  __TI_dtors_ptr                                                    
20001674  __TI_enable_exit_profile_output                                   
ffffffff  __TI_pprof_out_hndl                                               
ffffffff  __TI_prof_data_size                                               
ffffffff  __TI_prof_data_start                                              
00002b6f  __TI_readmsg                                                      
00006920  __TI_static_base__                                                
00002b3d  __TI_writemsg                                                     
000049a5  __TI_zero_init                                                    
000000c4  __TRDR__                                                          
0000226b  __aeabi_idiv0                                                     
000026ed  __aeabi_memclr                                                    
000026ed  __aeabi_memclr4                                                   
000026ed  __aeabi_memclr8                                                   
00002135  __aeabi_memcpy                                                    
00002135  __aeabi_memcpy4                                                   
00002135  __aeabi_memcpy8                                                   
000026ef  __aeabi_memset                                                    
000026ef  __aeabi_memset4                                                   
000026ef  __aeabi_memset8                                                   
00003961  __aeabi_uidiv                                                     
00003961  __aeabi_uidivmod                                                  
ffffffff  __binit__                                                         
ffffffff  __c_args__                                                        
2000172c  __stack                                                           
0000469d  _args_main                                                        
20001708  _bum                                                              
00003041  _c_int00                                                          
2000170c  _cliff                                                            
20001690  _lock                                                             
000047cb  _nop                                                              
000047c3  _register_lock                                                    
000047bd  _register_unlock                                                  
2000165c  _sizeB                                                            
20001658  _sizeC                                                            
20001694  _unlock                                                           
000031a5  abort                                                             
ffffffff  binit                                                             
20001698  bum                                                               
20001710  cliff                                                             
000034d9  copy_in                                                           
000031ad  exit                                                              
000044cb  gggg                                                              
200016a0  gpioCallbackFunctions                                             
200015f8  gpioPinConfigs                                                    
00003bf5  main                                                              
20001714  main_func_sp                                                      
00002135  memcpy                                                            
000026f5  memset                                                            
000048e1  osi_TaskDisable                                                   
00004881  osi_start                                                         
200012dc  parmbuf                                                           
20001664  state_B                                                           
20001660  state_C                                                           
000047d1  strlen                                                            
000067cc  ti_catalog_arm_cortexm4_tiva_ce_Boot_A_mustUseEnhancedClockMode__C
000067d0  ti_catalog_arm_cortexm4_tiva_ce_Boot_Module__diagsEnabled__C      
000067d4  ti_catalog_arm_cortexm4_tiva_ce_Boot_Module__diagsIncluded__C     
000067d8  ti_catalog_arm_cortexm4_tiva_ce_Boot_Module__diagsMask__C         
00006476  ti_catalog_arm_cortexm4_tiva_ce_Boot_Module__id__C                
00004981  ti_catalog_arm_cortexm4_tiva_ce_Boot_init__I                      
000014f9  ti_catalog_arm_cortexm4_tiva_ce_Boot_sysCtlClockSetI__I           
0000226d  ti_catalog_arm_cortexm4_tiva_ce_Boot_sysCtlClockSet__E            
00004aa3  ti_catalog_arm_cortexm4_tiva_ce_Boot_sysCtlDelayI__I              
200015b8  ti_sysbios_BIOS_Module__state__V                                  
00004601  ti_sysbios_BIOS_RtsGateProxy_Handle__label__S                     
0000424d  ti_sysbios_BIOS_RtsGateProxy_Object__delete__S                    
000007bd  ti_sysbios_BIOS_RtsGateProxy_enter__E                             
000009bd  ti_sysbios_BIOS_RtsGateProxy_leave__E                             
00004ae9  ti_sysbios_BIOS_RtsGateProxy_query__E                             
00003dfd  ti_sysbios_BIOS_atExitFunc__I                                     
000041bd  ti_sysbios_BIOS_errorRaiseHook__I                                 
00004779  ti_sysbios_BIOS_exitFunc__I                                       
00002435  ti_sysbios_BIOS_nullFunc__I                                       
000041e1  ti_sysbios_BIOS_registerRTSLock__I                                
00004205  ti_sysbios_BIOS_removeRTSLock__I                                  
0000436d  ti_sysbios_BIOS_rtsLock__I                                        
000046b5  ti_sysbios_BIOS_rtsUnlock__I                                      
00004871  ti_sysbios_BIOS_setThreadType__E                                  
00004229  ti_sysbios_BIOS_startFunc__I                                      
00004881  ti_sysbios_BIOS_start__E                                          
2000152c  ti_sysbios_family_arm_lm4_Timer_Module_State_0_device__A          
20001610  ti_sysbios_family_arm_lm4_Timer_Module_State_0_handles__A         
000046cd  ti_sysbios_family_arm_lm4_Timer_Module__startupDone__F            
000046cd  ti_sysbios_family_arm_lm4_Timer_Module__startupDone__S            
20001678  ti_sysbios_family_arm_lm4_Timer_Module__state__V                  
00002c71  ti_sysbios_family_arm_lm4_Timer_Module_startup__E                 
20001480  ti_sysbios_family_arm_lm4_Timer_Object__table__V                  
000067dc  ti_sysbios_family_arm_lm4_Timer_enableFunc__C                     
00003619  ti_sysbios_family_arm_lm4_Timer_enableTimers__I                   
00001f49  ti_sysbios_family_arm_lm4_Timer_enableTiva__I                     
000049b1  ti_sysbios_family_arm_lm4_Timer_getMaxTicks__E                    
000031f9  ti_sysbios_family_arm_lm4_Timer_initDevice__I                     
00003781  ti_sysbios_family_arm_lm4_Timer_isrStub__E                        
00004a79  ti_sysbios_family_arm_lm4_Timer_masterDisable__I                  
00000b35  ti_sysbios_family_arm_lm4_Timer_masterEnable__I                   
000067e0  ti_sysbios_family_arm_lm4_Timer_numTimerDevices__C                
000013f1  ti_sysbios_family_arm_lm4_Timer_start__E                          
000067e4  ti_sysbios_family_arm_lm4_Timer_startupNeeded__C                  
000039a1  ti_sysbios_family_arm_lm4_Timer_startup__E                        
00003e31  ti_sysbios_family_arm_lm4_Timer_stop__E                           
00004309  ti_sysbios_family_arm_lm4_Timer_write__I                          
000067e8  ti_sysbios_family_arm_m3_Hwi_E_NMI__C                             
000067ec  ti_sysbios_family_arm_m3_Hwi_E_alreadyDefined__C                  
000067f0  ti_sysbios_family_arm_m3_Hwi_E_busFault__C                        
000067f4  ti_sysbios_family_arm_m3_Hwi_E_debugMon__C                        
000067f8  ti_sysbios_family_arm_m3_Hwi_E_hardFault__C                       
000067fc  ti_sysbios_family_arm_m3_Hwi_E_memFault__C                        
00006800  ti_sysbios_family_arm_m3_Hwi_E_noIsr__C                           
00006804  ti_sysbios_family_arm_m3_Hwi_E_reserved__C                        
00006808  ti_sysbios_family_arm_m3_Hwi_E_svCall__C                          
0000680c  ti_sysbios_family_arm_m3_Hwi_E_usageFault__C                      
000045cd  ti_sysbios_family_arm_m3_Hwi_Handle__label__S                     
00003c29  ti_sysbios_family_arm_m3_Hwi_Instance_finalize__E                 
00002309  ti_sysbios_family_arm_m3_Hwi_Instance_init__E                     
2000166a  ti_sysbios_family_arm_m3_Hwi_Module_State_0_excActive__A          
20001718  ti_sysbios_family_arm_m3_Hwi_Module_State_0_excContext__A         
2000171c  ti_sysbios_family_arm_m3_Hwi_Module_State_0_excStack__A           
00006904  ti_sysbios_family_arm_m3_Hwi_Module__id__C                        
200016a8  ti_sysbios_family_arm_m3_Hwi_Module__root__V                      
000046e5  ti_sysbios_family_arm_m3_Hwi_Module__startupDone__F               
000046e5  ti_sysbios_family_arm_m3_Hwi_Module__startupDone__S               
200014f8  ti_sysbios_family_arm_m3_Hwi_Module__state__V                     
000033e9  ti_sysbios_family_arm_m3_Hwi_Module_startup__E                    
00006810  ti_sysbios_family_arm_m3_Hwi_NUM_INTERRUPTS__C                    
0000662c  ti_sysbios_family_arm_m3_Hwi_Object__DESC__C                      
00006544  ti_sysbios_family_arm_m3_Hwi_Object__PARAMS__C                    
00006814  ti_sysbios_family_arm_m3_Hwi_Object__count__C                     
000047e5  ti_sysbios_family_arm_m3_Hwi_Object__get__S                       
20001628  ti_sysbios_family_arm_m3_Hwi_Object__table__V                     
000049bd  ti_sysbios_family_arm_m3_Hwi_Params__init__S                      
00006818  ti_sysbios_family_arm_m3_Hwi_ccr__C                               
00002cd5  ti_sysbios_family_arm_m3_Hwi_create                               
000049c9  ti_sysbios_family_arm_m3_Hwi_disableFxn__E                        
00003661  ti_sysbios_family_arm_m3_Hwi_disableInterrupt__E                  
00002d39  ti_sysbios_family_arm_m3_Hwi_dispatchC__I                         
20000760  ti_sysbios_family_arm_m3_Hwi_dispatchTable                        
000018e9  ti_sysbios_family_arm_m3_Hwi_dispatch__I                          
00004a81  ti_sysbios_family_arm_m3_Hwi_doSwiRestore__I                      
00004aa9  ti_sysbios_family_arm_m3_Hwi_doTaskRestore__I                     
000036a9  ti_sysbios_family_arm_m3_Hwi_enableInterrupt__E                   
000009c1  ti_sysbios_family_arm_m3_Hwi_excBusFault__I                       
00001c51  ti_sysbios_family_arm_m3_Hwi_excDebugMon__I                       
00000041  ti_sysbios_family_arm_m3_Hwi_excDumpRegs__I                       
0000438d  ti_sysbios_family_arm_m3_Hwi_excHandlerAsm__I                     
0000681c  ti_sysbios_family_arm_m3_Hwi_excHandlerFunc__C                    
000007c1  ti_sysbios_family_arm_m3_Hwi_excHandlerMax__I                     
000043b1  ti_sysbios_family_arm_m3_Hwi_excHandler__I                        
00001d11  ti_sysbios_family_arm_m3_Hwi_excHardFault__I                      
000067ac  ti_sysbios_family_arm_m3_Hwi_excHookFuncs__A                      
00006820  ti_sysbios_family_arm_m3_Hwi_excHookFuncs__C                      
00000f49  ti_sysbios_family_arm_m3_Hwi_excMemFault__I                       
00003c61  ti_sysbios_family_arm_m3_Hwi_excNmi__I                            
00003ae1  ti_sysbios_family_arm_m3_Hwi_excNoIsr__I                          
000036f1  ti_sysbios_family_arm_m3_Hwi_excReserved__I                       
00003a21  ti_sysbios_family_arm_m3_Hwi_excSvCall__I                         
00000b39  ti_sysbios_family_arm_m3_Hwi_excUsageFault__I                     
000037c9  ti_sysbios_family_arm_m3_Hwi_getStackInfo__E                      
000023a1  ti_sysbios_family_arm_m3_Hwi_initNVIC__E                          
000030f1  ti_sysbios_family_arm_m3_Hwi_initStacks__E                        
00006824  ti_sysbios_family_arm_m3_Hwi_nullIsrFunc__C                       
e000e000  ti_sysbios_family_arm_m3_Hwi_nvic                                 
00004171  ti_sysbios_family_arm_m3_Hwi_pendSV__I                            
000025e9  ti_sysbios_family_arm_m3_Hwi_postInit__I                          
[...]
00004911  xdc_runtime_System_SupportProxy_ready__E                          
00004921  xdc_runtime_System_vsnprintf__E                                   
00004931  xdc_runtime_Text_visitRope__I                                     
00004941  GPIOIntStatus                                                     
0000494f  __TI_decompress_none                                              
00004961  ti_sysbios_knl_Idle_loop__E                                       
00004971  ti_sysbios_knl_Queue_empty__E                                     
00004981  ti_catalog_arm_cortexm4_tiva_ce_Boot_init__I                      
0000498d  Enviroment_Enable                                                 
00004999  GPIOIntEnable                                                     
000049a5  __TI_zero_init                                                    
000049b1  ti_sysbios_family_arm_lm4_Timer_getMaxTicks__E                    
000049bd  ti_sysbios_family_arm_m3_Hwi_Params__init__S                      
000049bd  ti_sysbios_hal_Hwi_HwiProxy_Params__init__S                       
000049c9  ti_sysbios_family_arm_m3_Hwi_disableFxn__E                        
000049c9  ti_sysbios_hal_Hwi_HwiProxy_disable__E                            
000049d9  ti_sysbios_family_arm_m3_TaskSupport_checkStack__E                
000049d9  ti_sysbios_knl_Task_SupportProxy_checkStack__E                    
000049e9  ti_sysbios_family_arm_m3_TaskSupport_getStackAlignment__E         
000049e9  ti_sysbios_knl_Task_SupportProxy_getStackAlignment__E             
000049f9  ti_sysbios_gates_GateHwi_enter__E                                 
00004a05  ti_sysbios_knl_Queue_Object__get__S                               
00004a11  ti_sysbios_knl_Semaphore_Params__init__S                          
00004a29  ti_sysbios_knl_Task_Params__init__S                               
00004a35  xdc_runtime_Error_init__E                                         
00004a41  xdc_runtime_Gate_enterSystem__E                                   
00004a4d  xdc_runtime_Memory_calloc__E                                      
00004a59  xdc_runtime_Memory_getMaxDefaultTypeAlign__E                      
00004a65  xdc_runtime_Memory_HeapProxy_alloc__E                             
00004a6f  xdc_runtime_Memory_HeapProxy_free__E                              
00004a79  ti_sysbios_family_arm_lm4_Timer_masterDisable__I                  
00004a81  ti_sysbios_family_arm_m3_Hwi_doSwiRestore__I                      
00004a89  ti_sysbios_family_arm_m3_Hwi_startup__E                           
00004a89  ti_sysbios_hal_Hwi_HwiProxy_startup__E                            
00004a89  ti_sysbios_hal_Hwi_startup__E                                     
00004a91  GPIOIntClear                                                      
00004a97  GPIOPinRead                                                       
00004a9d  GPIOPinWrite                                                      
00004aa3  ti_catalog_arm_cortexm4_tiva_ce_Boot_sysCtlDelayI__I              
00004aa9  ti_sysbios_family_arm_m3_Hwi_doTaskRestore__I                     
00004ab1  ti_sysbios_family_arm_m3_Hwi_restoreFxn__E                        
00004ab1  ti_sysbios_hal_Hwi_HwiProxy_restore__E                            
00004ab9  ti_sysbios_gates_GateHwi_leave__E                                 
00004ac1  ti_sysbios_heaps_HeapMem_isBlocking__E                            
00004ac9  ti_sysbios_knl_Queue_Instance_init__E                             
00004ad1  ti_sysbios_knl_Swi_startup__E                                     
00004ad7  xdc_runtime_System_Module_startup__E                              
00004ae1  ti_sysbios_gates_GateHwi_query__E                                 
00004ae1  xdc_runtime_Main_Module_GateProxy_query__E                        
00004ae1  xdc_runtime_System_Module_GateProxy_query__E                      
00004ae9  ti_sysbios_BIOS_RtsGateProxy_query__E                             
00004ae9  ti_sysbios_gates_GateMutex_query__E                               
00004ae9  ti_sysbios_heaps_HeapMem_Module_GateProxy_query__E                
00004af1  ti_sysbios_knl_Task_startup__E                                    
00004af9  ti_sysbios_gates_GateHwi_Instance_init__E                         
00004b01  ti_sysbios_knl_Clock_logTick__E                                   
00004b04  xdc_runtime_Text_charTab__A                                       
00006365  xdc_runtime_Error_policy__C                                       
00006366  xdc_runtime_Text_nodeTab__A                                       
00006476  ti_catalog_arm_cortexm4_tiva_ce_Boot_Module__id__C                
00006508  ti_sysbios_knl_Task_Object__PARAMS__C                             
00006544  ti_sysbios_family_arm_m3_Hwi_Object__PARAMS__C                    
00006574  ti_sysbios_heaps_HeapMem_Module__FXNS__C                          
0000659c  ti_sysbios_gates_GateHwi_Module__FXNS__C                          
000065c0  ti_sysbios_gates_GateMutex_Module__FXNS__C                        
000065e4  ti_sysbios_heaps_HeapMem_Object__PARAMS__C                        
00006608  ti_sysbios_knl_Semaphore_Object__PARAMS__C                        
0000662c  ti_sysbios_family_arm_m3_Hwi_Object__DESC__C                      
0000664c  ti_sysbios_gates_GateHwi_Object__DESC__C                          
0000666c  ti_sysbios_gates_GateMutex_Object__DESC__C                        
0000668c  ti_sysbios_heaps_HeapMem_Object__DESC__C                          
000066ac  ti_sysbios_knl_Queue_Object__DESC__C                              
000066cc  ti_sysbios_knl_Semaphore_Object__DESC__C                          
000066ec  ti_sysbios_knl_Task_Object__DESC__C                               
0000670c  xdc_runtime_Startup_sfxnTab__A                                    
0000672c  ti_sysbios_gates_GateHwi_Object__PARAMS__C                        
00006744  ti_sysbios_gates_GateMutex_Object__PARAMS__C                      
0000675c  ti_sysbios_knl_Queue_Object__PARAMS__C                            
00006774  GPIOTiva_config                                                   
00006788  xdc_runtime_Startup_firstFxns__A                                  
0000679c  xdc_runtime_Startup_sfxnRts__A                                    
000067ac  ti_sysbios_family_arm_m3_Hwi_excHookFuncs__A                      
000067b4  ti_sysbios_knl_Idle_funcList__C                                   
000067bc  xdc_runtime_Startup_firstFxns__C                                  
000067c4  xdc_runtime_Startup_lastFxns__C                                   
000067cc  ti_catalog_arm_cortexm4_tiva_ce_Boot_A_mustUseEnhancedClockMode__C
000067d0  ti_catalog_arm_cortexm4_tiva_ce_Boot_Module__diagsEnabled__C      
000067d4  ti_catalog_arm_cortexm4_tiva_ce_Boot_Module__diagsIncluded__C     
000067d8  ti_catalog_arm_cortexm4_tiva_ce_Boot_Module__diagsMask__C         
000067dc  ti_sysbios_family_arm_lm4_Timer_enableFunc__C                     
000067e0  ti_sysbios_family_arm_lm4_Timer_numTimerDevices__C                
000067e4  ti_sysbios_family_arm_lm4_Timer_startupNeeded__C                  
000067e8  ti_sysbios_family_arm_m3_Hwi_E_NMI__C                             
000067ec  ti_sysbios_family_arm_m3_Hwi_E_alreadyDefined__C                  
000067f0  ti_sysbios_family_arm_m3_Hwi_E_busFault__C                        
000067f4  ti_sysbios_family_arm_m3_Hwi_E_debugMon__C                        
000067f8  ti_sysbios_family_arm_m3_Hwi_E_hardFault__C                       
000067fc  ti_sysbios_family_arm_m3_Hwi_E_memFault__C                        
00006800  ti_sysbios_family_arm_m3_Hwi_E_noIsr__C                           
00006804  ti_sysbios_family_arm_m3_Hwi_E_reserved__C                        
00006808  ti_sysbios_family_arm_m3_Hwi_E_svCall__C                          
0000680c  ti_sysbios_family_arm_m3_Hwi_E_usageFault__C                      
00006810  ti_sysbios_family_arm_m3_Hwi_NUM_INTERRUPTS__C                    
00006814  ti_sysbios_family_arm_m3_Hwi_Object__count__C                     
00006818  ti_sysbios_family_arm_m3_Hwi_ccr__C                               
0000681c  ti_sysbios_family_arm_m3_Hwi_excHandlerFunc__C                    
00006820  ti_sysbios_family_arm_m3_Hwi_excHookFuncs__C                      
00006824  ti_sysbios_family_arm_m3_Hwi_nullIsrFunc__C                       
00006828  ti_sysbios_family_arm_m3_Hwi_priGroup__C                          
0000682c  ti_sysbios_family_arm_m3_TaskSupport_stackAlignment__C            
00006830  ti_sysbios_gates_GateMutex_Instance_State_sem__O                  
00006834  ti_sysbios_hal_Hwi_E_stackOverflow__C                             
00006838  ti_sysbios_heaps_HeapMem_E_memory__C                              
0000683c  ti_sysbios_heaps_HeapMem_Module__gateObj__C                       
00006840  ti_sysbios_heaps_HeapMem_Object__count__C                         
00006844  ti_sysbios_heaps_HeapMem_reqAlign__C                              
00006848  ti_sysbios_knl_Clock_Module_State_clockQ__O                       
0000684c  ti_sysbios_knl_Idle_funcList__A                                   
00006850  ti_sysbios_knl_Semaphore_Instance_State_pendQ__O                  
00006854  ti_sysbios_knl_Swi_Object__count__C                               
00006858  ti_sysbios_knl_Task_E_spOutOfBounds__C                            
0000685c  ti_sysbios_knl_Task_E_stackOverflow__C                            
00006860  ti_sysbios_knl_Task_Module_State_inactiveQ__O                     
00006864  ti_sysbios_knl_Task_Object__count__C                              
00006868  ti_sysbios_knl_Task_allBlockedFunc__C                             
0000686c  ti_sysbios_knl_Task_defaultStackHeap__C                           
00006870  ti_sysbios_knl_Task_defaultStackSize__C                           
00006874  ti_sysbios_knl_Task_numConstructedTasks__C                        
00006878  xdc_runtime_Assert_E_assertFailed__C                              
0000687c  xdc_runtime_Core_A_initializedParams__C                           
00006880  xdc_runtime_Core_Module__diagsEnabled__C                          
00006884  xdc_runtime_Core_Module__diagsIncluded__C                         
00006888  xdc_runtime_Core_Module__diagsMask__C                             
0000688c  xdc_runtime_Error_E_memory__C                                     
00006890  xdc_runtime_Error_Module__diagsEnabled__C                         
00006894  xdc_runtime_Error_Module__diagsIncluded__C                        
00006898  xdc_runtime_Error_Module__diagsMask__C                            
0000689c  xdc_runtime_Error_Module__loggerFxn8__C                           
000068a0  xdc_runtime_Error_Module__loggerObj__C                            
000068a4  xdc_runtime_Error_policyFxn__C                                    
000068a8  xdc_runtime_Error_raiseHook__C                                    
000068ac  xdc_runtime_IGateProvider_Interface__BASE__C                      
000068b0  xdc_runtime_IHeap_Interface__BASE__C                              
000068b4  xdc_runtime_IModule_Interface__BASE__C                            
000068b8  xdc_runtime_Log_L_error__C                                        
000068bc  xdc_runtime_Memory_defaultHeapInstance__C                         
000068c0  xdc_runtime_Startup_execImpl__C                                   
000068c4  xdc_runtime_Startup_maxPasses__C                                  
000068c8  xdc_runtime_Startup_sfxnRts__C                                    
000068cc  xdc_runtime_Startup_sfxnTab__C                                    
000068d0  xdc_runtime_SysMin_bufSize__C                                     
000068d4  xdc_runtime_SysMin_outputFunc__C                                  
000068d8  xdc_runtime_System_Module__gateObj__C                             
000068dc  xdc_runtime_System_abortFxn__C                                    
000068e0  xdc_runtime_System_exitFxn__C                                     
000068e4  xdc_runtime_System_extendFxn__C                                   
000068e8  xdc_runtime_System_maxAtexitHandlers__C                           
000068ec  xdc_runtime_Text_charTab__C                                       
000068f0  xdc_runtime_Text_nameEmpty__C                                     
000068f4  xdc_runtime_Text_nameStatic__C                                    
000068f8  xdc_runtime_Text_nameUnknown__C                                   
000068fc  xdc_runtime_Text_nodeTab__C                                       
00006900  xdc_runtime_Text_visitRopeFxn__C                                  
00006904  ti_sysbios_family_arm_m3_Hwi_Module__id__C                        
00006906  ti_sysbios_hal_Hwi_Module__id__C                                  
00006908  ti_sysbios_heaps_HeapMem_Module__id__C                            
0000690a  ti_sysbios_knl_Task_Module__id__C                                 
0000690c  xdc_runtime_Core_Module__id__C                                    
0000690e  xdc_runtime_Error_Module__loggerDefined__C                        
00006910  xdc_runtime_Error_maxDepth__C                                     
00006912  xdc_runtime_Memory_Module__id__C                                  
00006914  xdc_runtime_SysMin_flushAtExit__C                                 
00006916  xdc_runtime_Text_charCnt__C                                       
00006918  xdc_runtime_Text_isLoaded__C                                      
0000691a  xdc_runtime_Text_registryModsLastId__C                            
0000691c  xdc_runtime_Text_unnamedModsLastId__C                             
00006920  __TI_static_base__                                                
00006af8  __TI_Handler_Table_Base                                           
00006b04  __TI_Handler_Table_Limit                                          
00006b18  __TI_CINIT_Base                                                   
00006b30  __TI_CINIT_Limit                                                  
20000000  ti_sysbios_family_arm_m3_Hwi_ramVectors                           
20000360  ti_sysbios_heaps_HeapMem_Instance_State_0_buf__A                  
20000760  ti_sysbios_family_arm_m3_Hwi_dispatchTable                        
20000ac0  ti_sysbios_knl_Task_Instance_State_0_stack__A                     
20000cc0  EnvTaskStack                                                      
20000ec0  xdc_runtime_SysMin_Module_State_0_outbuf__A                       
200010c0  __CIOBUF_                                                         
20001270  EnvTaskStruct                                                     
200012c0  Measure_sem                                                       
200012dc  parmbuf                                                           
200012e4  Enviroment_fxn                                                    
200012e8  Measure_sem_Handle                                                
200012f0  ti_sysbios_knl_Swi_Module_State_0_readyQ__A                       
20001370  ti_sysbios_knl_Task_Module_State_0_readyQ__A                      
200013f0  ti_sysbios_knl_Task_Object__table__V                              
2000143c  ti_sysbios_knl_Task_Module__state__V                              
20001480  ti_sysbios_family_arm_lm4_Timer_Object__table__V                  
200014c0  ti_sysbios_gates_GateMutex_Object__table__V                       
200014f8  ti_sysbios_family_arm_m3_Hwi_Module__state__V                     
2000152c  ti_sysbios_family_arm_lm4_Timer_Module_State_0_device__A          
2000155c  ti_sysbios_knl_Swi_Object__table__V                               
2000158c  ti_sysbios_knl_Clock_Module__state__V                             
200015b8  ti_sysbios_BIOS_Module__state__V                                  
200015dc  ti_sysbios_knl_Swi_Module__state__V                               
200015f8  gpioPinConfigs                                                    
20001610  ti_sysbios_family_arm_lm4_Timer_Module_State_0_handles__A         
20001628  ti_sysbios_family_arm_m3_Hwi_Object__table__V                     
20001640  ti_sysbios_heaps_HeapMem_Object__table__V                         
20001658  _sizeC                                                            
2000165c  _sizeB                                                            
20001660  state_C                                                           
20001664  state_B                                                           
20001668  TaskFlag                                                          
2000166a  ti_sysbios_family_arm_m3_Hwi_Module_State_0_excActive__A          
2000166c  __TI_cleanup_ptr                                                  
20001670  __TI_dtors_ptr                                                    
20001674  __TI_enable_exit_profile_output                                   
20001678  ti_sysbios_family_arm_lm4_Timer_Module__state__V                  
20001684  xdc_runtime_SysMin_Module__state__V                               
20001690  _lock                                                             
20001694  _unlock                                                           
20001698  bum                                                               
200016a0  gpioCallbackFunctions                                             
200016a8  ti_sysbios_family_arm_m3_Hwi_Module__root__V                      
200016b0  ti_sysbios_gates_GateHwi_Module__root__V                          
200016b8  ti_sysbios_gates_GateMutex_Module__root__V                        
200016c0  ti_sysbios_heaps_HeapMem_Module__root__V                          
200016c8  ti_sysbios_knl_Queue_Module__root__V                              
200016d0  ti_sysbios_knl_Semaphore_Module__root__V                          
200016d8  ti_sysbios_knl_Task_Module__root__V                               
200016e0  xdc_runtime_Registry_Module__state__V                             
200016e8  xdc_runtime_Startup_Module__state__V                              
200016f0  xdc_runtime_System_Module_State_0_atexitHandlers__A               
200016f8  xdc_runtime_System_Module__state__V                               
20001706  xdc_runtime_Error_Module__state__V                                
20001708  _bum                                                              
2000170c  _cliff                                                            
20001710  cliff                                                             
20001714  main_func_sp                                                      
20001718  ti_sysbios_family_arm_m3_Hwi_Module_State_0_excContext__A         
2000171c  ti_sysbios_family_arm_m3_Hwi_Module_State_0_excStack__A           
20001720  ti_sysbios_gates_GateHwi_Object__table__V                         
20001724  ti_sysbios_knl_Task_Module_State_0_idleTask__A                    
20001728  xdc_runtime_Memory_Module__state__V                               
2000172c  __stack                                                           
20001a2c  __STACK_END                                                       
e000e000  ti_sysbios_family_arm_m3_Hwi_nvic                                 
ffffffff  __TI_pprof_out_hndl                                               
ffffffff  __TI_prof_data_size                                               
ffffffff  __TI_prof_data_start                                              
ffffffff  __binit__                                                         
ffffffff  __c_args__                                                        
ffffffff  binit                                                             
UNDEFED   SHT$$INIT_ARRAY$$Base                                             
UNDEFED   SHT$$INIT_ARRAY$$Limit                                            

[537 symbols]
